src/components/therapyPlans/wizard/Step2Schedule.tsx(47,65): error TS2322: Type 'string' is not assignable to type 'AppointmentStatus[]'.
src/components/therapyPlans/wizard/Step2Schedule.tsx(53,43): error TS2353: Object literal may only specify known properties, and 'therapistId' does not exist in type 'TherapyPlanFilters'.
src/components/therapyPlans/wizard/Step2Schedule.tsx(59,26): error TS2339: Property 'items' does not exist on type 'PaginatedResponse<Appointment>'.
src/components/therapyPlans/wizard/Step2Schedule.tsx(61,29): error TS2339: Property 'items' does not exist on type 'PaginatedResponse<Appointment>'.
src/components/therapyPlans/wizard/Step2Schedule.tsx(61,40): error TS7006: Parameter 'app' implicitly has an 'any' type.
src/components/therapyPlans/wizard/Step2Schedule.tsx(71,20): error TS2339: Property 'items' does not exist on type 'PaginatedResponse<TherapyPlan>'.
src/components/therapyPlans/wizard/Step2Schedule.tsx(73,23): error TS2339: Property 'items' does not exist on type 'PaginatedResponse<TherapyPlan>'.
src/components/therapyPlans/wizard/Step2Schedule.tsx(73,38): error TS7006: Parameter 'plan' implicitly has an 'any' type.
src/components/therapyPlans/wizard/Step2Schedule.tsx(74,48): error TS7006: Parameter 'ev' implicitly has an 'any' type.
src/components/therapyPlans/wizard/Step3Imports.tsx(5,30): error TS2307: Cannot find module '../../../../utils/fileValidation' or its corresponding type declarations.
src/components/therapyPlans/wizard/Step3Imports.tsx(6,39): error TS2307: Cannot find module '../../../../types' or its corresponding type declarations.
src/pages/therapy-plans/EditTherapyPlan.tsx(14,3): error TS2305: Module '"../../api/therapyPlans"' has no exported member 'uploadTherapyPlanAttachment'.
src/pages/therapy-plans/EditTherapyPlan.tsx(383,11): error TS2322: Type '(values: TherapyPlanFormValues, posterFile: File | null, videoFile: File | null, galleryFiles: File[], attachmentFile: File | null) => Promise<void>' is not assignable to type '(values: TherapyPlanFormValues, posterFile: File | null, videoFile: File | null, galleryFiles: File[], pdfFiles: File[]) => Promise<...>'.
  Types of parameters 'attachmentFile' and 'pdfFiles' are incompatible.
    Type 'File[]' is missing the following properties from type 'File': lastModified, name, webkitRelativePath, size, and 5 more.
src/pages/therapy-plans/EditTherapyPlan.tsx(396,53): error TS7006: Parameter 'file' implicitly has an 'any' type.
src/pages/therapy-plans/TherapyPlanForm.tsx(319,13): error TS2322: Type '<K extends keyof TherapyPlanFormValues>(key: K, val: TherapyPlanFormValues[K]) => void' is not assignable to type '<K extends keyof Step1Values>(key: K, val: Step1Values[K]) => void'.
  Types of parameters 'val' and 'val' are incompatible.
    Type 'Step1Values[K]' is not assignable to type 'TherapyPlanFormValues[K]'.
      Type 'Step1Values' is missing the following properties from type 'TherapyPlanFormValues': startTime, endTime, events
src/pages/therapy-plans/TherapyPlanForm.tsx(331,13): error TS2322: Type '<K extends keyof TherapyPlanFormValues>(key: K, val: TherapyPlanFormValues[K]) => void' is not assignable to type '<K extends keyof Step2Props["values"]>(key: K, val: { startTime: string; endTime: string; type: string; events: PlanEventDraft[]; }[K]) => void'.
  Types of parameters 'val' and 'val' are incompatible.
    Type '{ startTime: string; endTime: string; type: string; events: PlanEventDraft[]; }[K]' is not assignable to type 'TherapyPlanFormValues[K]'.
      Type '{ startTime: string; endTime: string; type: string; events: PlanEventDraft[]; }' is missing the following properties from type 'TherapyPlanFormValues': title, slogan, introduction, location, and 6 more.
