src/controllers/appointment.controller.ts(154,23): error TS18047: 'appt.therapist' is possibly 'null'.
src/controllers/appointment.controller.ts(201,23): error TS18047: 'appt.therapist' is possibly 'null'.
src/controllers/appointment.controller.ts(241,7): error TS18047: 'appt.therapist' is possibly 'null'.
src/controllers/therapist.controller.ts(282,36): error TS2339: Property 'therapistGalleryImage' does not exist on type 'PrismaClient<PrismaClientOptions, never, DefaultArgs>'.
src/controllers/therapist.controller.ts(290,18): error TS2339: Property 'therapistGalleryImage' does not exist on type 'PrismaClient<PrismaClientOptions, never, DefaultArgs>'.
src/controllers/therapist.controller.ts(294,32): error TS2339: Property 'therapistGalleryImage' does not exist on type 'PrismaClient<PrismaClientOptions, never, DefaultArgs>'.
src/controllers/therapist.controller.ts(306,30): error TS2339: Property 'therapistGalleryImage' does not exist on type 'PrismaClient<PrismaClientOptions, never, DefaultArgs>'.
src/controllers/therapist.controller.ts(316,16): error TS2339: Property 'therapistGalleryImage' does not exist on type 'PrismaClient<PrismaClientOptions, never, DefaultArgs>'.
src/controllers/therapist.controller.ts(344,14): error TS2339: Property 'therapistGalleryImage' does not exist on type 'PrismaClient<PrismaClientOptions, never, DefaultArgs>'.
src/controllers/therapyPlan.controller.ts(209,11): error TS18047: 'plan.therapist' is possibly 'null'.
src/controllers/therapyPlan.controller.ts(233,9): error TS18047: 'plan.therapist' is possibly 'null'.
src/controllers/therapyPlan.controller.ts(354,7): error TS18047: 'plan.therapist' is possibly 'null'.
src/controllers/therapyPlan.controller.ts(362,5): error TS2345: Argument of type 'string | null' is not assignable to parameter of type 'string'.
  Type 'null' is not assignable to type 'string'.
src/controllers/therapyPlan.controller.ts(379,28): error TS18047: 'plan.therapist' is possibly 'null'.
src/controllers/therapyPlan.controller.ts(379,61): error TS18047: 'plan.therapist' is possibly 'null'.
src/controllers/therapyPlan.controller.ts(428,5): error TS18047: 'plan.therapist' is possibly 'null'.
src/controllers/therapyPlan.controller.ts(451,36): error TS18047: 'plan.therapist' is possibly 'null'.
src/controllers/therapyPlan.controller.ts(474,7): error TS18047: 'plan.therapist' is possibly 'null'.
src/controllers/therapyPlan.controller.ts(514,36): error TS18047: 'plan.therapist' is possibly 'null'.
src/controllers/therapyPlan.controller.ts(543,36): error TS18047: 'plan.therapist' is possibly 'null'.
src/controllers/therapyPlan.controller.ts(581,38): error TS18047: 'plan.therapist' is possibly 'null'.
src/controllers/therapyPlan.controller.ts(631,36): error TS18047: 'image.plan.therapist' is possibly 'null'.
src/controllers/therapyPlan.controller.ts(653,36): error TS18047: 'plan.therapist' is possibly 'null'.
src/controllers/therapyPlan.controller.ts(690,38): error TS18047: 'plan.therapist' is possibly 'null'.
src/controllers/therapyPlan.controller.ts(729,36): error TS18047: 'pdf.plan.therapist' is possibly 'null'.
src/controllers/therapyPlan.controller.ts(751,36): error TS18047: 'plan.therapist' is possibly 'null'.
src/controllers/therapyPlan.controller.ts(783,9): error TS18047: 'plan.therapist' is possibly 'null'.
src/controllers/therapyPlan.controller.ts(844,38): error TS18047: 'plan.therapist' is possibly 'null'.
src/controllers/therapyPlan.controller.ts(850,25): error TS18047: 'plan.therapist' is possibly 'null'.
src/controllers/therapyPlan.controller.ts(919,7): error TS18047: 'plan.therapist' is possibly 'null'.
src/controllers/therapyPlan.controller.ts(949,7): error TS18047: 'plan.therapist' is possibly 'null'.
src/controllers/therapyPlan.controller.ts(977,7): error TS18047: 'plan.therapist' is possibly 'null'.
src/controllers/therapyPlan.controller.ts(1001,7): error TS18047: 'plan.therapist' is possibly 'null'.
src/controllers/therapyPlan.controller.ts(1032,19): error TS18047: 'plan.therapist' is possibly 'null'.
src/controllers/therapyPlan.controller.ts(1138,33): error TS18047: 'plan.therapist' is possibly 'null'.
src/controllers/therapyPlan.controller.ts(1184,5): error TS18047: 'participant.plan.therapist' is possibly 'null'.
src/controllers/therapyPlanTemplate.controller.ts(78,19): error TS18047: 'plan.therapist' is possibly 'null'.
src/services/alipay.service.ts(32,40): error TS18047: 'appointment.therapist' is possibly 'null'.
src/services/alipay.service.ts(41,47): error TS18047: 'appointment.therapist' is possibly 'null'.
src/services/alipay.service.ts(41,87): error TS18047: 'appointment.therapist' is possibly 'null'.
src/services/alipay.service.ts(199,25): error TS18047: 'appointment.therapist' is possibly 'null'.
src/services/alipay.service.ts(199,65): error TS18047: 'appointment.therapist' is possibly 'null'.
src/services/alipay.service.ts(200,23): error TS18047: 'appointment.therapist' is possibly 'null'.
src/services/refund.service.ts(23,18): error TS18047: 'appointment.therapist' is possibly 'null'.
src/services/scheduler.service.ts(28,29): error TS18047: 'appt.therapist' is possibly 'null'.
src/services/scheduler.service.ts(28,62): error TS18047: 'appt.therapist' is possibly 'null'.
src/services/scheduler.service.ts(29,27): error TS18047: 'appt.therapist' is possibly 'null'.
src/services/stripe.service.ts(18,7): error TS18047: 'appointment.therapist' is possibly 'null'.
src/services/stripe.service.ts(21,8): error TS18047: 'appointment.therapist' is possibly 'null'.
src/services/stripe.service.ts(25,40): error TS18047: 'appointment.therapist' is possibly 'null'.
src/services/stripe.service.ts(33,35): error TS18047: 'appointment.therapist' is possibly 'null'.
src/services/wechat.service.ts(32,40): error TS18047: 'appointment.therapist' is possibly 'null'.
src/services/wechat.service.ts(39,51): error TS18047: 'appointment.therapist' is possibly 'null'.
src/services/wechat.service.ts(185,25): error TS18047: 'appointment.therapist' is possibly 'null'.
src/services/wechat.service.ts(185,65): error TS18047: 'appointment.therapist' is possibly 'null'.
src/services/wechat.service.ts(186,23): error TS18047: 'appointment.therapist' is possibly 'null'.
src/webhooks/stripe.webhook.ts(86,29): error TS18047: 'appt.therapist' is possibly 'null'.
src/webhooks/stripe.webhook.ts(86,62): error TS18047: 'appt.therapist' is possibly 'null'.
src/webhooks/stripe.webhook.ts(87,27): error TS18047: 'appt.therapist' is possibly 'null'.
